{
  "version": "1.5.0",
  "plugins_used": [
    {
      "name": "ArtifactoryDetector"
    },
    {
      "name": "AWSKeyDetector"
    },
    {
      "name": "AzureStorageKeyDetector"
    },
    {
      "name": "Base64HighEntropyString",
      "limit": 4.5
    },
    {
      "name": "BasicAuthDetector"
    },
    {
      "name": "CloudantDetector"
    },
    {
      "name": "DiscordBotTokenDetector"
    },
    {
      "name": "GitHubTokenDetector"
    },
    {
      "name": "HexHighEntropyString",
      "limit": 3.0
    },
    {
      "name": "IbmCloudIamDetector"
    },
    {
      "name": "IbmCosHmacDetector"
    },
    {
      "name": "JwtTokenDetector"
    },
    {
      "name": "KeywordDetector",
      "keyword_exclude": ""
    },
    {
      "name": "MailchimpDetector"
    },
    {
      "name": "NpmDetector"
    },
    {
      "name": "PrivateKeyDetector"
    },
    {
      "name": "SendGridDetector"
    },
    {
      "name": "SlackDetector"
    },
    {
      "name": "SoftlayerDetector"
    },
    {
      "name": "SquareOAuthDetector"
    },
    {
      "name": "StripeDetector"
    },
    {
      "name": "TwilioKeyDetector"
    }
  ],
  "filters_used": [
    {
      "path": "detect_secrets.filters.allowlist.is_line_allowlisted"
    },
    {
      "path": "detect_secrets.filters.common.is_ignored_due_to_verification_policies",
      "min_level": 2
    },
    {
      "path": "detect_secrets.filters.heuristic.is_indirect_reference"
    },
    {
      "path": "detect_secrets.filters.heuristic.is_likely_id_string"
    },
    {
      "path": "detect_secrets.filters.heuristic.is_lock_file"
    },
    {
      "path": "detect_secrets.filters.heuristic.is_not_alphanumeric_string"
    },
    {
      "path": "detect_secrets.filters.heuristic.is_potential_uuid"
    },
    {
      "path": "detect_secrets.filters.heuristic.is_prefixed_with_dollar_sign"
    },
    {
      "path": "detect_secrets.filters.heuristic.is_sequential_string"
    },
    {
      "path": "detect_secrets.filters.heuristic.is_swagger_file"
    },
    {
      "path": "detect_secrets.filters.heuristic.is_templated_secret"
    }
  ],
  "results": {
    "src/endpoints/KeyWrapper.ts": [
      {
        "type": "Base64 High Entropy String",
        "filename": "src/endpoints/KeyWrapper.ts",
        "hashed_secret": "3383828c227d6d0ad9ea4ca67684fc6c75686207",
        "is_verified": false,
        "line_number": 54
      }
    ],
    "src/endpoints/TinkKey.ts": [
      {
        "type": "Base64 High Entropy String",
        "filename": "src/endpoints/TinkKey.ts",
        "hashed_secret": "3c0e588bd5ceb5de9d26f21393f39e239df5a5fa",
        "is_verified": false,
        "line_number": 21
      }
    ],
    "test/attestation-samples/snp.json": [
      {
        "type": "Base64 High Entropy String",
        "filename": "test/attestation-samples/snp.json",
        "hashed_secret": "904b9be3774d5d84a3ad85a80d0bcfcc307c916e",
        "is_verified": false,
        "line_number": 3
      },
      {
        "type": "Base64 High Entropy String",
        "filename": "test/attestation-samples/snp.json",
        "hashed_secret": "3dc8e269c4eb74fe3c1f06b49cec7a0ee44c109e",
        "is_verified": false,
        "line_number": 5
      }
    ],
    "test/data-samples/member0_data_pt2.json": [
      {
        "type": "Hex High Entropy String",
        "filename": "test/data-samples/member0_data_pt2.json",
        "hashed_secret": "20554cfa72c351cd22e858fb74a165b67c48ca47",
        "is_verified": false,
        "line_number": 4
      },
      {
        "type": "Hex High Entropy String",
        "filename": "test/data-samples/member0_data_pt2.json",
        "hashed_secret": "fb96af9db28d9703608294c63f58f334245f21ea",
        "is_verified": false,
        "line_number": 5
      },
      {
        "type": "Hex High Entropy String",
        "filename": "test/data-samples/member0_data_pt2.json",
        "hashed_secret": "ee0a1e80743e9221a117f4fa33c5ef6aee59c861",
        "is_verified": false,
        "line_number": 6
      },
      {
        "type": "Hex High Entropy String",
        "filename": "test/data-samples/member0_data_pt2.json",
        "hashed_secret": "5f8ea124cbdd8399d473fa40a99a4c18dbf39624",
        "is_verified": false,
        "line_number": 9
      }
    ],
    "test/data-samples/member1_data.json": [
      {
        "type": "Hex High Entropy String",
        "filename": "test/data-samples/member1_data.json",
        "hashed_secret": "fb96af9db28d9703608294c63f58f334245f21ea",
        "is_verified": false,
        "line_number": 5
      },
      {
        "type": "Hex High Entropy String",
        "filename": "test/data-samples/member1_data.json",
        "hashed_secret": "ee0a1e80743e9221a117f4fa33c5ef6aee59c861",
        "is_verified": false,
        "line_number": 6
      },
      {
        "type": "Hex High Entropy String",
        "filename": "test/data-samples/member1_data.json",
        "hashed_secret": "5f8ea124cbdd8399d473fa40a99a4c18dbf39624",
        "is_verified": false,
        "line_number": 8
      }
    ],
    "test/data-samples/member2_data.json": [
      {
        "type": "Hex High Entropy String",
        "filename": "test/data-samples/member2_data.json",
        "hashed_secret": "20554cfa72c351cd22e858fb74a165b67c48ca47",
        "is_verified": false,
        "line_number": 5
      },
      {
        "type": "Hex High Entropy String",
        "filename": "test/data-samples/member2_data.json",
        "hashed_secret": "fb96af9db28d9703608294c63f58f334245f21ea",
        "is_verified": false,
        "line_number": 6
      },
      {
        "type": "Hex High Entropy String",
        "filename": "test/data-samples/member2_data.json",
        "hashed_secret": "ee0a1e80743e9221a117f4fa33c5ef6aee59c861",
        "is_verified": false,
        "line_number": 7
      },
      {
        "type": "Hex High Entropy String",
        "filename": "test/data-samples/member2_data.json",
        "hashed_secret": "5f8ea124cbdd8399d473fa40a99a4c18dbf39624",
        "is_verified": false,
        "line_number": 10
      }
    ],
    "test/data-samples/privateWrapKey.pem": [
      {
        "type": "Private Key",
        "filename": "test/data-samples/privateWrapKey.pem",
        "hashed_secret": "1348b145fa1a555461c1b790a2f66614781091e9",
        "is_verified": false,
        "line_number": 1
      }
    ]
  },
  "generated_at": "2024-04-15T07:15:40Z"
}
